// Jest Snapshot v1, https://goo.gl/fbAQLP

exports[`matches snapshot 1`] = `
<section>
  <ul>
    <li
      className="row pill list"
    >
      <p>
        name
      </p>
      <div
        className="row"
      >
        <small>
          Tue Feb 01 2022 ~ Wed Mar 02 2022
        </small>
        <button
          className="red pill link"
          id={1}
          onClick={[Function]}
          type="button"
        >
          Delete
        </button>
      </div>
    </li>
  </ul>
</section>
`;
